
Discarded input sections

 .group         0x00000000        0xc ../build/obj/startup.o
 .group         0x00000000        0xc ../build/obj/startup.o
 .group         0x00000000        0xc ../build/obj/startup.o
 .group         0x00000000        0xc ../build/obj/startup.o
 .group         0x00000000        0xc ../build/obj/startup.o
 .group         0x00000000        0xc ../build/obj/startup.o
 .group         0x00000000        0xc ../build/obj/startup.o
 .group         0x00000000        0xc ../build/obj/startup.o
 .group         0x00000000        0xc ../build/obj/startup.o
 .group         0x00000000        0xc ../build/obj/main.o
 .group         0x00000000        0xc ../build/obj/main.o
 .group         0x00000000        0xc ../build/obj/main.o
 .group         0x00000000        0xc ../build/obj/main.o
 .group         0x00000000        0xc ../build/obj/main.o
 .group         0x00000000        0xc ../build/obj/main.o
 .group         0x00000000        0xc ../build/obj/main.o
 .group         0x00000000        0xc ../build/obj/main.o
 .group         0x00000000        0xc ../build/obj/main.o
 .debug_macro   0x00000000      0xa5a ../build/obj/main.o
 .debug_macro   0x00000000       0x19 ../build/obj/main.o
 .debug_macro   0x00000000       0x22 ../build/obj/main.o
 .debug_macro   0x00000000       0x8e ../build/obj/main.o
 .debug_macro   0x00000000       0x51 ../build/obj/main.o
 .debug_macro   0x00000000      0x103 ../build/obj/main.o
 .debug_macro   0x00000000       0x6a ../build/obj/main.o
 .debug_macro   0x00000000      0x1df ../build/obj/main.o
 .debug_macro   0x00000000     0xdf8d ../build/obj/main.o
 .group         0x00000000        0xc ../build/obj/port.o
 .group         0x00000000        0xc ../build/obj/port.o
 .group         0x00000000        0xc ../build/obj/port.o
 .group         0x00000000        0xc ../build/obj/port.o
 .group         0x00000000        0xc ../build/obj/port.o
 .group         0x00000000        0xc ../build/obj/port.o
 .group         0x00000000        0xc ../build/obj/port.o
 .group         0x00000000        0xc ../build/obj/port.o
 .group         0x00000000        0xc ../build/obj/port.o
 .debug_macro   0x00000000      0xa5a ../build/obj/port.o
 .debug_macro   0x00000000       0x19 ../build/obj/port.o
 .debug_macro   0x00000000       0x22 ../build/obj/port.o
 .debug_macro   0x00000000       0x8e ../build/obj/port.o
 .debug_macro   0x00000000       0x51 ../build/obj/port.o
 .debug_macro   0x00000000      0x103 ../build/obj/port.o
 .debug_macro   0x00000000       0x6a ../build/obj/port.o
 .debug_macro   0x00000000      0x1df ../build/obj/port.o
 .debug_macro   0x00000000     0xdf8d ../build/obj/port.o
 .group         0x00000000        0xc ../build/obj/flash.o
 .group         0x00000000        0xc ../build/obj/flash.o
 .group         0x00000000        0xc ../build/obj/flash.o
 .group         0x00000000        0xc ../build/obj/flash.o
 .group         0x00000000        0xc ../build/obj/flash.o
 .group         0x00000000        0xc ../build/obj/flash.o
 .group         0x00000000        0xc ../build/obj/flash.o
 .group         0x00000000        0xc ../build/obj/flash.o
 .group         0x00000000        0xc ../build/obj/flash.o
 .debug_macro   0x00000000      0xa5a ../build/obj/flash.o
 .debug_macro   0x00000000       0x19 ../build/obj/flash.o
 .debug_macro   0x00000000       0x22 ../build/obj/flash.o
 .debug_macro   0x00000000       0x8e ../build/obj/flash.o
 .debug_macro   0x00000000       0x51 ../build/obj/flash.o
 .debug_macro   0x00000000      0x103 ../build/obj/flash.o
 .debug_macro   0x00000000       0x6a ../build/obj/flash.o
 .debug_macro   0x00000000      0x1df ../build/obj/flash.o
 .debug_macro   0x00000000     0xdf8d ../build/obj/flash.o
 .group         0x00000000        0xc ../build/obj/gpio.o
 .group         0x00000000        0xc ../build/obj/gpio.o
 .group         0x00000000        0xc ../build/obj/gpio.o
 .group         0x00000000        0xc ../build/obj/gpio.o
 .group         0x00000000        0xc ../build/obj/gpio.o
 .group         0x00000000        0xc ../build/obj/gpio.o
 .group         0x00000000        0xc ../build/obj/gpio.o
 .group         0x00000000        0xc ../build/obj/gpio.o
 .group         0x00000000        0xc ../build/obj/gpio.o
 .debug_macro   0x00000000      0xa5a ../build/obj/gpio.o
 .debug_macro   0x00000000       0x19 ../build/obj/gpio.o
 .debug_macro   0x00000000       0x22 ../build/obj/gpio.o
 .debug_macro   0x00000000       0x8e ../build/obj/gpio.o
 .debug_macro   0x00000000       0x51 ../build/obj/gpio.o
 .debug_macro   0x00000000      0x103 ../build/obj/gpio.o
 .debug_macro   0x00000000       0x6a ../build/obj/gpio.o
 .debug_macro   0x00000000      0x1df ../build/obj/gpio.o
 .debug_macro   0x00000000     0xdf8d ../build/obj/gpio.o
 .group         0x00000000        0xc ../build/obj/wdog.o
 .group         0x00000000        0xc ../build/obj/wdog.o
 .group         0x00000000        0xc ../build/obj/wdog.o
 .group         0x00000000        0xc ../build/obj/wdog.o
 .group         0x00000000        0xc ../build/obj/wdog.o
 .group         0x00000000        0xc ../build/obj/wdog.o
 .group         0x00000000        0xc ../build/obj/wdog.o
 .group         0x00000000        0xc ../build/obj/wdog.o
 .group         0x00000000        0xc ../build/obj/wdog.o
 .debug_macro   0x00000000      0xa5a ../build/obj/wdog.o
 .debug_macro   0x00000000       0x19 ../build/obj/wdog.o
 .debug_macro   0x00000000       0x22 ../build/obj/wdog.o
 .debug_macro   0x00000000       0x8e ../build/obj/wdog.o
 .debug_macro   0x00000000       0x51 ../build/obj/wdog.o
 .debug_macro   0x00000000      0x103 ../build/obj/wdog.o
 .debug_macro   0x00000000       0x6a ../build/obj/wdog.o
 .debug_macro   0x00000000      0x1df ../build/obj/wdog.o
 .debug_macro   0x00000000     0xdf8d ../build/obj/wdog.o
 .group         0x00000000        0xc ../build/obj/interrupt.o
 .group         0x00000000        0xc ../build/obj/interrupt.o
 .group         0x00000000        0xc ../build/obj/interrupt.o
 .group         0x00000000        0xc ../build/obj/interrupt.o
 .group         0x00000000        0xc ../build/obj/interrupt.o
 .group         0x00000000        0xc ../build/obj/interrupt.o
 .group         0x00000000        0xc ../build/obj/interrupt.o
 .group         0x00000000        0xc ../build/obj/interrupt.o
 .group         0x00000000        0xc ../build/obj/interrupt.o
 .debug_macro   0x00000000      0xa5a ../build/obj/interrupt.o
 .debug_macro   0x00000000       0x19 ../build/obj/interrupt.o
 .debug_macro   0x00000000       0x22 ../build/obj/interrupt.o
 .debug_macro   0x00000000       0x8e ../build/obj/interrupt.o
 .debug_macro   0x00000000       0x51 ../build/obj/interrupt.o
 .debug_macro   0x00000000      0x103 ../build/obj/interrupt.o
 .debug_macro   0x00000000       0x6a ../build/obj/interrupt.o
 .debug_macro   0x00000000      0x1df ../build/obj/interrupt.o
 .debug_macro   0x00000000     0xdf8d ../build/obj/interrupt.o
 .group         0x00000000        0xc ../build/obj/clock.o
 .group         0x00000000        0xc ../build/obj/clock.o
 .group         0x00000000        0xc ../build/obj/clock.o
 .group         0x00000000        0xc ../build/obj/clock.o
 .group         0x00000000        0xc ../build/obj/clock.o
 .group         0x00000000        0xc ../build/obj/clock.o
 .group         0x00000000        0xc ../build/obj/clock.o
 .group         0x00000000        0xc ../build/obj/clock.o
 .group         0x00000000        0xc ../build/obj/clock.o
 .debug_macro   0x00000000      0xa5a ../build/obj/clock.o
 .debug_macro   0x00000000       0x19 ../build/obj/clock.o
 .debug_macro   0x00000000       0x22 ../build/obj/clock.o
 .debug_macro   0x00000000       0x8e ../build/obj/clock.o
 .debug_macro   0x00000000       0x51 ../build/obj/clock.o
 .debug_macro   0x00000000      0x103 ../build/obj/clock.o
 .debug_macro   0x00000000       0x6a ../build/obj/clock.o
 .debug_macro   0x00000000      0x1df ../build/obj/clock.o
 .debug_macro   0x00000000     0xdf8d ../build/obj/clock.o

Memory Configuration

Name             Origin             Length             Attributes
FLASH1           0x00000000         0x00000400         xr
FLASH_CONFIG     0x00000400         0x00000010         xr
FLASH2           0x00000410         0x00007bf0         xr
SRAM1            0x1fff8000         0x00008000         xrw
SRAM2            0x20000000         0x00007000         xrw
*default*        0x00000000         0xffffffff

Linker script and memory map

LOAD ../build/obj/startup.o
LOAD ../build/obj/main.o
LOAD ../build/obj/port.o
LOAD ../build/obj/flash.o
LOAD ../build/obj/gpio.o
LOAD ../build/obj/wdog.o
LOAD ../build/obj/interrupt.o
LOAD ../build/obj/clock.o

.intvec         0x00000000      0x400
                0x00000000                _intvec_start_ = .
 *(.intvec)
 .intvec        0x00000000      0x400 ../build/obj/interrupt.o
                0x00000000                vectorTable
                0x00000400                . = ALIGN (0x4)
                0x00000400                _intvec_end_ = .

.flashConfig    0x00000400       0x10
 *(.flashConfig)
 .flashConfig   0x00000400       0x10 ../build/obj/startup.o
                0x00000400                flashConfig
                0x00000410                . = ALIGN (0x4)

.text           0x00000410      0x460
                0x00000410                _stext = .
 *(.text)
 .text          0x00000410       0x2c ../build/obj/startup.o
                0x00000410                Reset_Handler
                0x00000424                initData
                0x00000430                initbss
 .text          0x0000043c       0xbc ../build/obj/main.o
                0x0000043c                delay
                0x00000468                JumpToApp
                0x000004a8                main
 .text          0x000004f8       0x22 ../build/obj/port.o
                0x000004f8                PortPCR
 *fill*         0x0000051a        0x2 
 .text          0x0000051c      0x1e0 ../build/obj/flash.o
                0x0000051c                CommandSequence
                0x00000558                Read1sBlock
                0x00000574                Read1sSection
                0x00000590                ProgramCheck
                0x000005ac                ProgramPhrase
                0x000005c8                EraseFlashBlock
                0x000005e4                EraseFlashSector
                0x00000600                ProgramSection
                0x0000061c                Read1sAllBlocks
                0x00000638                ReadOnce
                0x00000654                ProgramOnce
                0x00000670                EraseAllBlocks
                0x0000068c                VerifyBackdoorAccessKey
                0x000006a8                EraseAllBlocksUnsecure
                0x000006c4                ProgramPartition
                0x000006e0                SetFlexRAM
 .text          0x000006fc       0xc0 ../build/obj/gpio.o
                0x000006fc                ToggleGPIO
                0x00000724                SetGPIO
                0x0000074c                ClearGPIO
                0x00000774                DataDirectionGPIO
                0x0000079c                DataOutGPIO
 .text          0x000007bc       0x54 ../build/obj/wdog.o
                0x000007bc                DisableWDOG
                0x000007e8                RefreshWDOG
                0x00000804                CongiWDOG
 .text          0x00000810       0x3c ../build/obj/interrupt.o
                0x00000810                Reserved54_IRQHandler
                0x00000810                DMA1_IRQHandler
                0x00000810                Reserved88_IRQHandler
                0x00000810                CAN0_ORed_IRQHandler
                0x00000810                FLEXIO_IRQHandler
                0x00000810                Reserved86_IRQHandler
                0x00000810                Reserved103_IRQHandler
                0x00000810                FTM1_Ch0_Ch1_IRQHandler
                0x00000810                FTM2_Ovf_Reload_IRQHandler
                0x00000810                Reserved50_IRQHandler
                0x00000810                FTFC_Fault_IRQHandler
                0x00000810                FTM0_Ch6_Ch7_IRQHandler
                0x00000810                DMA6_IRQHandler
                0x00000810                Reserved114_IRQHandler
                0x00000810                PORTC_IRQHandler
                0x00000810                Reserved89_IRQHandler
                0x00000810                ERM_double_fault_IRQHandler
                0x00000810                DMA2_IRQHandler
                0x00000810                Reserved59_IRQHandler
                0x00000810                LPIT0_Ch0_IRQHandler
                0x00000810                Reserved99_IRQHandler
                0x00000810                FTM3_Ch6_Ch7_IRQHandler
                0x00000810                CAN2_ORed_0_15_MB_IRQHandler
                0x00000810                LPIT0_Ch3_IRQHandler
                0x00000810                Reserved92_IRQHandler
                0x00000810                FTM0_Ch4_Ch5_IRQHandler
                0x00000810                CAN1_Error_IRQHandler
                0x00000810                FTM3_Ch0_Ch1_IRQHandler
                0x00000810                SWI_IRQHandler
                0x00000810                ADC0_IRQHandler
                0x00000810                FTM2_Ch4_Ch5_IRQHandler
                0x00000810                Reserved52_IRQHandler
                0x00000810                FTM0_Ovf_Reload_IRQHandler
                0x00000810                DefaultISR
                0x00000810                DMA9_IRQHandler
                0x00000810                Reserved58_IRQHandler
                0x00000810                CAN1_ORed_0_15_MB_IRQHandler
                0x00000810                FTM1_Ch2_Ch3_IRQHandler
                0x00000810                DMA14_IRQHandler
                0x00000810                Reserved82_IRQHandler
                0x00000810                CAN0_ORed_16_31_MB_IRQHandler
                0x00000810                LPI2C0_Slave_IRQHandler
                0x00000810                Reserved71_IRQHandler
                0x00000810                PORTD_IRQHandler
                0x00000810                Reserved69_IRQHandler
                0x00000810                PORTB_IRQHandler
                0x00000810                Reserved70_IRQHandler
                0x00000810                ADC1_IRQHandler
                0x00000810                FTM2_Ch2_Ch3_IRQHandler
                0x00000810                DefaultHandler
                0x00000810                Reserved53_IRQHandler
                0x00000810                DMA5_IRQHandler
                0x00000810                RTC_IRQHandler
                0x00000810                PDB0_IRQHandler
                0x00000810                FTM2_Ch6_Ch7_IRQHandler
                0x00000810                FTM3_Ch2_Ch3_IRQHandler
                0x00000810                FTM2_Ch0_Ch1_IRQHandler
                0x00000810                LPSPI1_IRQHandler
                0x00000810                LPUART1_RxTx_IRQHandler
                0x00000810                RTC_Seconds_IRQHandler
                0x00000810                CAN2_ORed_IRQHandler
                0x00000810                Reserved72_IRQHandler
                0x00000810                Reserved110_IRQHandler
                0x00000810                DMA11_IRQHandler
                0x00000810                Reserved107_IRQHandler
                0x00000810                Read_Collision_IRQHandler
                0x00000810                CAN2_Error_IRQHandler
                0x00000810                FTFC_IRQHandler
                0x00000810                DMA7_IRQHandler
                0x00000810                FTM1_Ch6_Ch7_IRQHandler
                0x00000810                Reserved105_IRQHandler
                0x00000810                LPIT0_Ch1_IRQHandler
                0x00000810                FTM1_Ch4_Ch5_IRQHandler
                0x00000810                FTM3_Ovf_Reload_IRQHandler
                0x00000810                LPUART2_RxTx_IRQHandler
                0x00000810                LPSPI0_IRQHandler
                0x00000810                WDOG_EWM_IRQHandler
                0x00000810                CMP0_IRQHandler
                0x00000810                Reserved90_IRQHandler
                0x00000810                Reserved83_IRQHandler
                0x00000810                FTM0_Fault_IRQHandler
                0x00000810                Reserved48_IRQHandler
                0x00000810                CAN0_Wake_Up_IRQHandler
                0x00000810                ERM_single_fault_IRQHandler
                0x00000810                FTM2_Fault_IRQHandler
                0x00000810                FTM0_Ch2_Ch3_IRQHandler
                0x00000810                DMA13_IRQHandler
                0x00000810                FTM0_Ch0_Ch1_IRQHandler
                0x00000810                FTM3_Fault_IRQHandler
                0x00000810                RCM_IRQHandler
                0x00000810                DMA3_IRQHandler
                0x00000810                Reserved100_IRQHandler
                0x00000810                DMA0_IRQHandler
                0x00000810                Reserved91_IRQHandler
                0x00000810                CAN1_ORed_IRQHandler
                0x00000810                DMA15_IRQHandler
                0x00000810                SCG_IRQHandler
                0x00000810                PDB1_IRQHandler
                0x00000810                Reserved81_IRQHandler
                0x00000810                Reserved46_IRQHandler
                0x00000810                Reserved45_IRQHandler
                0x00000810                CAN0_Error_IRQHandler
                0x00000810                Reserved112_IRQHandler
                0x00000810                LPI2C0_Master_IRQHandler
                0x00000810                DMA4_IRQHandler
                0x00000810                FTM1_Fault_IRQHandler
                0x00000810                Reserved106_IRQHandler
                0x00000810                DMA_Error_IRQHandler
                0x00000810                LVD_LVW_IRQHandler
                0x00000810                LPIT0_Ch2_IRQHandler
                0x00000810                PORTA_IRQHandler
                0x00000810                MCM_IRQHandler
                0x00000810                LPSPI2_IRQHandler
                0x00000810                DMA12_IRQHandler
                0x00000810                FTM3_Ch4_Ch5_IRQHandler
                0x00000810                CAN0_ORed_0_15_MB_IRQHandler
                0x00000810                LPUART0_RxTx_IRQHandler
                0x00000810                PORTE_IRQHandler
                0x00000810                LPTMR0_IRQHandler
                0x00000810                DMA10_IRQHandler
                0x00000810                Reserved87_IRQHandler
                0x00000810                FTM1_Ovf_Reload_IRQHandler
                0x00000810                DMA8_IRQHandler
                0x00000810                Reserved93_IRQHandler
                0x00000810                Reserved113_IRQHandler
                0x00000816                NMI_Handler
                0x0000081c                HardFault_Handler
                0x00000822                MemManage_Handler
                0x00000828                BusFault_Handler
                0x0000082e                UsageFault_Handler
                0x00000834                SVC_Handler
                0x0000083a                DebugMon_Handler
                0x00000840                PendSV_Handler
                0x00000846                SysTick_Handler
 .text          0x0000084c       0x24 ../build/obj/clock.o
                0x0000084c                initClk
 *(.text*)
 *(.rodata)
 *(.rodata*)
 *(.glue_7)
 .glue_7        0x00000870        0x0 linker stubs
 *(.glue_7t)
 .glue_7t       0x00000870        0x0 linker stubs
 *(.eh_frame)
 *(.init)
 *(.fini)
                0x00000870                . = ALIGN (0x4)
                0x00000870                _etext = .

.vfp11_veneer   0x00000870        0x0
 .vfp11_veneer  0x00000870        0x0 linker stubs

.v4_bx          0x00000870        0x0
 .v4_bx         0x00000870        0x0 linker stubs

.iplt           0x00000870        0x0
 .iplt          0x00000870        0x0 ../build/obj/startup.o

.rel.dyn        0x00000870        0x0
 .rel.iplt      0x00000870        0x0 ../build/obj/startup.o

.data           0x1fff8000        0x0 load address 0x00000870
                0x1fff8000                _sdata_ram = .
 *(.data)
 .data          0x1fff8000        0x0 ../build/obj/startup.o
 .data          0x1fff8000        0x0 ../build/obj/main.o
 .data          0x1fff8000        0x0 ../build/obj/port.o
 .data          0x1fff8000        0x0 ../build/obj/flash.o
 .data          0x1fff8000        0x0 ../build/obj/gpio.o
 .data          0x1fff8000        0x0 ../build/obj/wdog.o
 .data          0x1fff8000        0x0 ../build/obj/interrupt.o
 .data          0x1fff8000        0x0 ../build/obj/clock.o
                0x1fff8000                . = ALIGN (0x4)
                0x1fff8000                _edata_ram = .

.igot.plt       0x1fff8000        0x0 load address 0x00000870
 .igot.plt      0x1fff8000        0x0 ../build/obj/startup.o

.bss            0x1fff8000        0x8 load address 0x00000870
                0x1fff8000                _bss_start_ = .
 *(.bss)
 .bss           0x1fff8000        0x0 ../build/obj/startup.o
 .bss           0x1fff8000        0x8 ../build/obj/main.o
                0x1fff8000                dlyCnt
                0x1fff8004                counter
 .bss           0x1fff8008        0x0 ../build/obj/port.o
 .bss           0x1fff8008        0x0 ../build/obj/flash.o
 .bss           0x1fff8008        0x0 ../build/obj/gpio.o
 .bss           0x1fff8008        0x0 ../build/obj/wdog.o
 .bss           0x1fff8008        0x0 ../build/obj/interrupt.o
 .bss           0x1fff8008        0x0 ../build/obj/clock.o
 *(.bss*)
 *(.common)
 *(.common*)
                0x1fff8008                . = ALIGN (0x4)
                0x1fff8008                _bss_end_ = .
OUTPUT(../build/bin/S32_BL.elf elf32-littlearm)
LOAD linker stubs

.debug_info     0x00000000     0x122a
 .debug_info    0x00000000       0xe0 ../build/obj/startup.o
 .debug_info    0x000000e0      0x595 ../build/obj/main.o
 .debug_info    0x00000675      0x28b ../build/obj/port.o
 .debug_info    0x00000900      0x2e8 ../build/obj/flash.o
 .debug_info    0x00000be8      0x2f7 ../build/obj/gpio.o
 .debug_info    0x00000edf      0x112 ../build/obj/wdog.o
 .debug_info    0x00000ff1      0x15e ../build/obj/interrupt.o
 .debug_info    0x0000114f       0xdb ../build/obj/clock.o

.debug_abbrev   0x00000000      0x6c3
 .debug_abbrev  0x00000000       0x91 ../build/obj/startup.o
 .debug_abbrev  0x00000091      0x1d0 ../build/obj/main.o
 .debug_abbrev  0x00000261       0xff ../build/obj/port.o
 .debug_abbrev  0x00000360       0xbb ../build/obj/flash.o
 .debug_abbrev  0x0000041b       0xf6 ../build/obj/gpio.o
 .debug_abbrev  0x00000511       0x9b ../build/obj/wdog.o
 .debug_abbrev  0x000005ac       0x7b ../build/obj/interrupt.o
 .debug_abbrev  0x00000627       0x9c ../build/obj/clock.o

.debug_aranges  0x00000000      0x100
 .debug_aranges
                0x00000000       0x20 ../build/obj/startup.o
 .debug_aranges
                0x00000020       0x20 ../build/obj/main.o
 .debug_aranges
                0x00000040       0x20 ../build/obj/port.o
 .debug_aranges
                0x00000060       0x20 ../build/obj/flash.o
 .debug_aranges
                0x00000080       0x20 ../build/obj/gpio.o
 .debug_aranges
                0x000000a0       0x20 ../build/obj/wdog.o
 .debug_aranges
                0x000000c0       0x20 ../build/obj/interrupt.o
 .debug_aranges
                0x000000e0       0x20 ../build/obj/clock.o

.debug_macro    0x00000000     0xf261
 .debug_macro   0x00000000       0x7e ../build/obj/startup.o
 .debug_macro   0x0000007e      0xa5a ../build/obj/startup.o
 .debug_macro   0x00000ad8       0x19 ../build/obj/startup.o
 .debug_macro   0x00000af1       0x22 ../build/obj/startup.o
 .debug_macro   0x00000b13       0x8e ../build/obj/startup.o
 .debug_macro   0x00000ba1       0x51 ../build/obj/startup.o
 .debug_macro   0x00000bf2      0x103 ../build/obj/startup.o
 .debug_macro   0x00000cf5       0x6a ../build/obj/startup.o
 .debug_macro   0x00000d5f      0x1df ../build/obj/startup.o
 .debug_macro   0x00000f3e     0xdf8d ../build/obj/startup.o
 .debug_macro   0x0000eecb       0xb2 ../build/obj/main.o
 .debug_macro   0x0000ef7d       0x84 ../build/obj/port.o
 .debug_macro   0x0000f001       0x7c ../build/obj/flash.o
 .debug_macro   0x0000f07d       0x76 ../build/obj/gpio.o
 .debug_macro   0x0000f0f3       0x7c ../build/obj/wdog.o
 .debug_macro   0x0000f16f       0x76 ../build/obj/interrupt.o
 .debug_macro   0x0000f1e5       0x7c ../build/obj/clock.o

.debug_line     0x00000000     0x10df
 .debug_line    0x00000000      0x1f7 ../build/obj/startup.o
 .debug_line    0x000001f7      0x248 ../build/obj/main.o
 .debug_line    0x0000043f      0x1d3 ../build/obj/port.o
 .debug_line    0x00000612      0x2e8 ../build/obj/flash.o
 .debug_line    0x000008fa      0x202 ../build/obj/gpio.o
 .debug_line    0x00000afc      0x1e7 ../build/obj/wdog.o
 .debug_line    0x00000ce3      0x229 ../build/obj/interrupt.o
 .debug_line    0x00000f0c      0x1d3 ../build/obj/clock.o

.debug_str      0x00000000    0x5dc1a
 .debug_str     0x00000000    0x5d67d ../build/obj/startup.o
                              0x5d7e1 (size before relaxing)
 .debug_str     0x0005d67d      0x289 ../build/obj/main.o
                              0x5da32 (size before relaxing)
 .debug_str     0x0005d906       0x2c ../build/obj/port.o
                              0x5d8dd (size before relaxing)
 .debug_str     0x0005d932      0x163 ../build/obj/flash.o
                              0x5d923 (size before relaxing)
 .debug_str     0x0005da95       0x56 ../build/obj/gpio.o
                              0x5d8e8 (size before relaxing)
 .debug_str     0x0005daeb       0x44 ../build/obj/wdog.o
                              0x5d7ed (size before relaxing)
 .debug_str     0x0005db2f       0xc2 ../build/obj/interrupt.o
                              0x5d863 (size before relaxing)
 .debug_str     0x0005dbf1       0x29 ../build/obj/clock.o
                              0x5d7d5 (size before relaxing)

.comment        0x00000000       0x49
 .comment       0x00000000       0x49 ../build/obj/startup.o
                                 0x4a (size before relaxing)
 .comment       0x00000049       0x4a ../build/obj/main.o
 .comment       0x00000049       0x4a ../build/obj/port.o
 .comment       0x00000049       0x4a ../build/obj/flash.o
 .comment       0x00000049       0x4a ../build/obj/gpio.o
 .comment       0x00000049       0x4a ../build/obj/wdog.o
 .comment       0x00000049       0x4a ../build/obj/interrupt.o
 .comment       0x00000049       0x4a ../build/obj/clock.o

.ARM.attributes
                0x00000000       0x2e
 .ARM.attributes
                0x00000000       0x2e ../build/obj/startup.o
 .ARM.attributes
                0x0000002e       0x2e ../build/obj/main.o
 .ARM.attributes
                0x0000005c       0x2e ../build/obj/port.o
 .ARM.attributes
                0x0000008a       0x2e ../build/obj/flash.o
 .ARM.attributes
                0x000000b8       0x2e ../build/obj/gpio.o
 .ARM.attributes
                0x000000e6       0x2e ../build/obj/wdog.o
 .ARM.attributes
                0x00000114       0x2e ../build/obj/interrupt.o
 .ARM.attributes
                0x00000142       0x2e ../build/obj/clock.o

.debug_frame    0x00000000      0x5a4
 .debug_frame   0x00000000       0x6c ../build/obj/startup.o
 .debug_frame   0x0000006c       0x7c ../build/obj/main.o
 .debug_frame   0x000000e8       0x38 ../build/obj/port.o
 .debug_frame   0x00000120      0x20c ../build/obj/flash.o
 .debug_frame   0x0000032c       0xd8 ../build/obj/gpio.o
 .debug_frame   0x00000404       0x70 ../build/obj/wdog.o
 .debug_frame   0x00000474      0x100 ../build/obj/interrupt.o
 .debug_frame   0x00000574       0x30 ../build/obj/clock.o
