
Discarded input sections

 .group         0x00000000        0xc ../build/obj/startup.o
 .group         0x00000000        0xc ../build/obj/startup.o
 .group         0x00000000        0xc ../build/obj/startup.o
 .group         0x00000000        0xc ../build/obj/startup.o
 .group         0x00000000        0xc ../build/obj/startup.o
 .group         0x00000000        0xc ../build/obj/startup.o
 .group         0x00000000        0xc ../build/obj/startup.o
 .group         0x00000000        0xc ../build/obj/startup.o
 .group         0x00000000        0xc ../build/obj/startup.o
 .group         0x00000000        0xc ../build/obj/main.o
 .group         0x00000000        0xc ../build/obj/main.o
 .group         0x00000000        0xc ../build/obj/main.o
 .group         0x00000000        0xc ../build/obj/main.o
 .group         0x00000000        0xc ../build/obj/main.o
 .group         0x00000000        0xc ../build/obj/main.o
 .group         0x00000000        0xc ../build/obj/main.o
 .group         0x00000000        0xc ../build/obj/main.o
 .group         0x00000000        0xc ../build/obj/main.o
 .debug_macro   0x00000000      0xa5a ../build/obj/main.o
 .debug_macro   0x00000000       0x19 ../build/obj/main.o
 .debug_macro   0x00000000       0x22 ../build/obj/main.o
 .debug_macro   0x00000000       0x8e ../build/obj/main.o
 .debug_macro   0x00000000       0x51 ../build/obj/main.o
 .debug_macro   0x00000000      0x103 ../build/obj/main.o
 .debug_macro   0x00000000       0x6a ../build/obj/main.o
 .debug_macro   0x00000000      0x1df ../build/obj/main.o
 .debug_macro   0x00000000     0xdf8d ../build/obj/main.o
 .group         0x00000000        0xc ../build/obj/gpio.o
 .group         0x00000000        0xc ../build/obj/gpio.o
 .group         0x00000000        0xc ../build/obj/gpio.o
 .group         0x00000000        0xc ../build/obj/gpio.o
 .group         0x00000000        0xc ../build/obj/gpio.o
 .group         0x00000000        0xc ../build/obj/gpio.o
 .group         0x00000000        0xc ../build/obj/gpio.o
 .group         0x00000000        0xc ../build/obj/gpio.o
 .group         0x00000000        0xc ../build/obj/gpio.o
 .debug_macro   0x00000000      0xa5a ../build/obj/gpio.o
 .debug_macro   0x00000000       0x19 ../build/obj/gpio.o
 .debug_macro   0x00000000       0x22 ../build/obj/gpio.o
 .debug_macro   0x00000000       0x8e ../build/obj/gpio.o
 .debug_macro   0x00000000       0x51 ../build/obj/gpio.o
 .debug_macro   0x00000000      0x103 ../build/obj/gpio.o
 .debug_macro   0x00000000       0x6a ../build/obj/gpio.o
 .debug_macro   0x00000000      0x1df ../build/obj/gpio.o
 .debug_macro   0x00000000     0xdf8d ../build/obj/gpio.o
 .group         0x00000000        0xc ../build/obj/interrupt.o
 .group         0x00000000        0xc ../build/obj/interrupt.o
 .group         0x00000000        0xc ../build/obj/interrupt.o
 .group         0x00000000        0xc ../build/obj/interrupt.o
 .group         0x00000000        0xc ../build/obj/interrupt.o
 .group         0x00000000        0xc ../build/obj/interrupt.o
 .group         0x00000000        0xc ../build/obj/interrupt.o
 .group         0x00000000        0xc ../build/obj/interrupt.o
 .group         0x00000000        0xc ../build/obj/interrupt.o
 .debug_macro   0x00000000      0xa5a ../build/obj/interrupt.o
 .debug_macro   0x00000000       0x19 ../build/obj/interrupt.o
 .debug_macro   0x00000000       0x22 ../build/obj/interrupt.o
 .debug_macro   0x00000000       0x8e ../build/obj/interrupt.o
 .debug_macro   0x00000000       0x51 ../build/obj/interrupt.o
 .debug_macro   0x00000000      0x103 ../build/obj/interrupt.o
 .debug_macro   0x00000000       0x6a ../build/obj/interrupt.o
 .debug_macro   0x00000000      0x1df ../build/obj/interrupt.o
 .debug_macro   0x00000000     0xdf8d ../build/obj/interrupt.o
 .group         0x00000000        0xc ../build/obj/clock.o
 .group         0x00000000        0xc ../build/obj/clock.o
 .group         0x00000000        0xc ../build/obj/clock.o
 .group         0x00000000        0xc ../build/obj/clock.o
 .group         0x00000000        0xc ../build/obj/clock.o
 .group         0x00000000        0xc ../build/obj/clock.o
 .group         0x00000000        0xc ../build/obj/clock.o
 .group         0x00000000        0xc ../build/obj/clock.o
 .group         0x00000000        0xc ../build/obj/clock.o
 .debug_macro   0x00000000      0xa5a ../build/obj/clock.o
 .debug_macro   0x00000000       0x19 ../build/obj/clock.o
 .debug_macro   0x00000000       0x22 ../build/obj/clock.o
 .debug_macro   0x00000000       0x8e ../build/obj/clock.o
 .debug_macro   0x00000000       0x51 ../build/obj/clock.o
 .debug_macro   0x00000000      0x103 ../build/obj/clock.o
 .debug_macro   0x00000000       0x6a ../build/obj/clock.o
 .debug_macro   0x00000000      0x1df ../build/obj/clock.o
 .debug_macro   0x00000000     0xdf8d ../build/obj/clock.o

Memory Configuration

Name             Origin             Length             Attributes
FLASH1           0x00000000         0x00000400         xr
FLASH_CONFIG     0x00000400         0x00000010         xr
FLASH2           0x00000410         0x0007fbf0         xr
SRAM1            0x1fff8000         0x00008000         xrw
SRAM2            0x20000000         0x00007000         xrw
*default*        0x00000000         0xffffffff

Linker script and memory map

LOAD ../build/obj/startup.o
LOAD ../build/obj/main.o
LOAD ../build/obj/gpio.o
LOAD ../build/obj/interrupt.o
LOAD ../build/obj/clock.o

.intvec         0x00000000      0x400
                0x00000000                _intvec_start_ = .
 *(.intvec)
 .intvec        0x00000000      0x400 ../build/obj/interrupt.o
                0x00000000                vectorTable
                0x00000400                . = ALIGN (0x4)
                0x00000400                _intvec_end_ = .

.flashConfig    0x00000400        0x0
 *(.flashConfig)
                0x00000400                . = ALIGN (0x4)

.text           0x00000410      0x120
                0x00000410                _stext = .
 *(.text)
 .text          0x00000410       0x2c ../build/obj/startup.o
                0x00000410                Reset_Handler
                0x00000424                initData
                0x00000430                initbss
 .text          0x0000043c       0xc8 ../build/obj/main.o
                0x0000043c                WDOG_disable
                0x00000468                delay
                0x00000494                main
 .text          0x00000504        0x0 ../build/obj/gpio.o
 .text          0x00000504        0x6 ../build/obj/interrupt.o
                0x00000504                Reserved54_IRQHandler
                0x00000504                DebugMon_Handler
                0x00000504                Reserved88_IRQHandler
                0x00000504                CAN0_ORed_IRQHandler
                0x00000504                HardFault_Handler
                0x00000504                Reserved86_IRQHandler
                0x00000504                Reserved103_IRQHandler
                0x00000504                SysTick_Handler
                0x00000504                FTM2_Ovf_Reload_IRQHandler
                0x00000504                Reserved50_IRQHandler
                0x00000504                FTFC_Fault_IRQHandler
                0x00000504                FTM0_Ch6_Ch7_IRQHandler
                0x00000504                PendSV_Handler
                0x00000504                Reserved114_IRQHandler
                0x00000504                NMI_Handler
                0x00000504                Reserved89_IRQHandler
                0x00000504                ERM_double_fault_IRQHandler
                0x00000504                DMA2_IRQHandler
                0x00000504                Reserved59_IRQHandler
                0x00000504                LPIT0_Ch0_IRQHandler
                0x00000504                Reserved99_IRQHandler
                0x00000504                FTM3_Ch6_Ch7_IRQHandler
                0x00000504                CAN2_ORed_0_15_MB_IRQHandler
                0x00000504                LPIT0_Ch3_IRQHandler
                0x00000504                Reserved92_IRQHandler
                0x00000504                FTM0_Ch4_Ch5_IRQHandler
                0x00000504                CAN1_Error_IRQHandler
                0x00000504                FTM3_Ch0_Ch1_IRQHandler
                0x00000504                SWI_IRQHandler
                0x00000504                ADC0_IRQHandler
                0x00000504                FTM2_Ch4_Ch5_IRQHandler
                0x00000504                UsageFault_Handler
                0x00000504                FTM0_Ovf_Reload_IRQHandler
                0x00000504                DefaultISR
                0x00000504                DMA9_IRQHandler
                0x00000504                Reserved58_IRQHandler
                0x00000504                CAN1_ORed_0_15_MB_IRQHandler
                0x00000504                FTM1_Ch2_Ch3_IRQHandler
                0x00000504                DMA14_IRQHandler
                0x00000504                Reserved82_IRQHandler
                0x00000504                CAN0_ORed_16_31_MB_IRQHandler
                0x00000504                LPI2C0_Slave_IRQHandler
                0x00000504                Reserved71_IRQHandler
                0x00000504                PORTD_IRQHandler
                0x00000504                Reserved69_IRQHandler
                0x00000504                PORTB_IRQHandler
                0x00000504                Reserved70_IRQHandler
                0x00000504                ADC1_IRQHandler
                0x00000504                FTM2_Ch2_Ch3_IRQHandler
                0x00000504                DefaultHandler
                0x00000504                Reserved53_IRQHandler
                0x00000504                DMA5_IRQHandler
                0x00000504                RTC_IRQHandler
                0x00000504                PDB0_IRQHandler
                0x00000504                FTM2_Ch6_Ch7_IRQHandler
                0x00000504                FTM3_Ch2_Ch3_IRQHandler
                0x00000504                FTM2_Ch0_Ch1_IRQHandler
                0x00000504                LPSPI1_IRQHandler
                0x00000504                LPUART1_RxTx_IRQHandler
                0x00000504                RTC_Seconds_IRQHandler
                0x00000504                CAN2_ORed_IRQHandler
                0x00000504                Reserved72_IRQHandler
                0x00000504                Reserved110_IRQHandler
                0x00000504                DMA11_IRQHandler
                0x00000504                Reserved107_IRQHandler
                0x00000504                Read_Collision_IRQHandler
                0x00000504                CAN2_Error_IRQHandler
                0x00000504                FTFC_IRQHandler
                0x00000504                DMA7_IRQHandler
                0x00000504                FTM1_Ch6_Ch7_IRQHandler
                0x00000504                Reserved105_IRQHandler
                0x00000504                LPIT0_Ch1_IRQHandler
                0x00000504                FTM1_Ch4_Ch5_IRQHandler
                0x00000504                FTM3_Ovf_Reload_IRQHandler
                0x00000504                LPUART2_RxTx_IRQHandler
                0x00000504                LPSPI0_IRQHandler
                0x00000504                WDOG_EWM_IRQHandler
                0x00000504                MemManage_Handler
                0x00000504                Reserved90_IRQHandler
                0x00000504                Reserved83_IRQHandler
                0x00000504                FTM0_Fault_IRQHandler
                0x00000504                Reserved48_IRQHandler
                0x00000504                SVC_Handler
                0x00000504                ERM_single_fault_IRQHandler
                0x00000504                FTM2_Fault_IRQHandler
                0x00000504                FTM0_Ch2_Ch3_IRQHandler
                0x00000504                DMA13_IRQHandler
                0x00000504                FTM0_Ch0_Ch1_IRQHandler
                0x00000504                FTM3_Fault_IRQHandler
                0x00000504                RCM_IRQHandler
                0x00000504                DMA3_IRQHandler
                0x00000504                Reserved100_IRQHandler
                0x00000504                DMA0_IRQHandler
                0x00000504                Reserved91_IRQHandler
                0x00000504                CAN1_ORed_IRQHandler
                0x00000504                DMA15_IRQHandler
                0x00000504                SCG_IRQHandler
                0x00000504                PDB1_IRQHandler
                0x00000504                Reserved81_IRQHandler
                0x00000504                Reserved46_IRQHandler
                0x00000504                Reserved45_IRQHandler
                0x00000504                CAN0_Error_IRQHandler
                0x00000504                Reserved112_IRQHandler
                0x00000504                LPI2C0_Master_IRQHandler
                0x00000504                DMA4_IRQHandler
                0x00000504                FTM1_Fault_IRQHandler
                0x00000504                Reserved106_IRQHandler
                0x00000504                DMA_Error_IRQHandler
                0x00000504                LVD_LVW_IRQHandler
                0x00000504                LPIT0_Ch2_IRQHandler
                0x00000504                PORTA_IRQHandler
                0x00000504                MCM_IRQHandler
                0x00000504                LPSPI2_IRQHandler
                0x00000504                DMA12_IRQHandler
                0x00000504                FTM3_Ch4_Ch5_IRQHandler
                0x00000504                CAN0_ORed_0_15_MB_IRQHandler
                0x00000504                LPUART0_RxTx_IRQHandler
                0x00000504                PORTE_IRQHandler
                0x00000504                LPTMR0_IRQHandler
                0x00000504                BusFault_Handler
                0x00000504                Reserved87_IRQHandler
                0x00000504                FTM1_Ovf_Reload_IRQHandler
                0x00000504                DMA8_IRQHandler
                0x00000504                Reserved93_IRQHandler
                0x00000504                DMA10_IRQHandler
                0x00000504                CAN0_Wake_Up_IRQHandler
                0x00000504                CMP0_IRQHandler
                0x00000504                Reserved52_IRQHandler
                0x00000504                PORTC_IRQHandler
                0x00000504                DMA6_IRQHandler
                0x00000504                FTM1_Ch0_Ch1_IRQHandler
                0x00000504                FLEXIO_IRQHandler
                0x00000504                DMA1_IRQHandler
                0x00000504                Reserved113_IRQHandler
 *fill*         0x0000050a        0x2 
 .text          0x0000050c       0x24 ../build/obj/clock.o
                0x0000050c                initClk
 *(.text*)
 *(.rodata)
 *(.rodata*)
 *(.glue_7)
 .glue_7        0x00000530        0x0 linker stubs
 *(.glue_7t)
 .glue_7t       0x00000530        0x0 linker stubs
 *(.eh_frame)
 *(.init)
 *(.fini)
                0x00000530                . = ALIGN (0x4)
                0x00000530                _etext = .

.vfp11_veneer   0x00000530        0x0
 .vfp11_veneer  0x00000530        0x0 linker stubs

.v4_bx          0x00000530        0x0
 .v4_bx         0x00000530        0x0 linker stubs

.iplt           0x00000530        0x0
 .iplt          0x00000530        0x0 ../build/obj/startup.o

.rel.dyn        0x00000530        0x0
 .rel.iplt      0x00000530        0x0 ../build/obj/startup.o

.data           0x1fff8000        0x0 load address 0x00000530
                0x1fff8000                _sdata_ram = .
 *(.data)
 .data          0x1fff8000        0x0 ../build/obj/startup.o
 .data          0x1fff8000        0x0 ../build/obj/main.o
 .data          0x1fff8000        0x0 ../build/obj/gpio.o
 .data          0x1fff8000        0x0 ../build/obj/interrupt.o
 .data          0x1fff8000        0x0 ../build/obj/clock.o
                0x1fff8000                . = ALIGN (0x4)
                0x1fff8000                _edata_ram = .

.igot.plt       0x1fff8000        0x0 load address 0x00000530
 .igot.plt      0x1fff8000        0x0 ../build/obj/startup.o

.bss            0x1fff8000        0x8 load address 0x00000530
                0x1fff8000                _bss_start_ = .
 *(.bss)
 .bss           0x1fff8000        0x0 ../build/obj/startup.o
 .bss           0x1fff8000        0x8 ../build/obj/main.o
                0x1fff8000                dlyCnt
                0x1fff8004                counter
 .bss           0x1fff8008        0x0 ../build/obj/gpio.o
 .bss           0x1fff8008        0x0 ../build/obj/interrupt.o
 .bss           0x1fff8008        0x0 ../build/obj/clock.o
 *(.bss*)
 *(.common)
 *(.common*)
                0x1fff8008                . = ALIGN (0x4)
                0x1fff8008                _bss_end_ = .
OUTPUT(../build/bin/S32_App.elf elf32-littlearm)
LOAD linker stubs

.debug_info     0x00000000      0x553
 .debug_info    0x00000000       0xa6 ../build/obj/startup.o
 .debug_info    0x000000a6      0x2ae ../build/obj/main.o
 .debug_info    0x00000354       0x68 ../build/obj/gpio.o
 .debug_info    0x000003bc       0xbc ../build/obj/interrupt.o
 .debug_info    0x00000478       0xdb ../build/obj/clock.o

.debug_abbrev   0x00000000      0x2af
 .debug_abbrev  0x00000000       0x5d ../build/obj/startup.o
 .debug_abbrev  0x0000005d      0x112 ../build/obj/main.o
 .debug_abbrev  0x0000016f       0x29 ../build/obj/gpio.o
 .debug_abbrev  0x00000198       0x7b ../build/obj/interrupt.o
 .debug_abbrev  0x00000213       0x9c ../build/obj/clock.o

.debug_aranges  0x00000000       0x98
 .debug_aranges
                0x00000000       0x20 ../build/obj/startup.o
 .debug_aranges
                0x00000020       0x20 ../build/obj/main.o
 .debug_aranges
                0x00000040       0x18 ../build/obj/gpio.o
 .debug_aranges
                0x00000058       0x20 ../build/obj/interrupt.o
 .debug_aranges
                0x00000078       0x20 ../build/obj/clock.o

.debug_macro    0x00000000     0xf0af
 .debug_macro   0x00000000       0x7e ../build/obj/startup.o
 .debug_macro   0x0000007e      0xa5a ../build/obj/startup.o
 .debug_macro   0x00000ad8       0x19 ../build/obj/startup.o
 .debug_macro   0x00000af1       0x22 ../build/obj/startup.o
 .debug_macro   0x00000b13       0x8e ../build/obj/startup.o
 .debug_macro   0x00000ba1       0x51 ../build/obj/startup.o
 .debug_macro   0x00000bf2      0x103 ../build/obj/startup.o
 .debug_macro   0x00000cf5       0x6a ../build/obj/startup.o
 .debug_macro   0x00000d5f      0x1df ../build/obj/startup.o
 .debug_macro   0x00000f3e     0xdf8d ../build/obj/startup.o
 .debug_macro   0x0000eecb       0x80 ../build/obj/main.o
 .debug_macro   0x0000ef4b       0x72 ../build/obj/gpio.o
 .debug_macro   0x0000efbd       0x76 ../build/obj/interrupt.o
 .debug_macro   0x0000f033       0x7c ../build/obj/clock.o

.debug_line     0x00000000      0x9a6
 .debug_line    0x00000000      0x1fb ../build/obj/startup.o
 .debug_line    0x000001fb      0x263 ../build/obj/main.o
 .debug_line    0x0000045e      0x19e ../build/obj/gpio.o
 .debug_line    0x000005fc      0x1d3 ../build/obj/interrupt.o
 .debug_line    0x000007cf      0x1d7 ../build/obj/clock.o

.debug_str      0x00000000    0x5d7aa
 .debug_str     0x00000000    0x5d667 ../build/obj/startup.o
                              0x5d7c2 (size before relaxing)
 .debug_str     0x0005d667       0xd6 ../build/obj/main.o
                              0x5d875 (size before relaxing)
 .debug_str     0x0005d73d       0x12 ../build/obj/gpio.o
                              0x5d7a0 (size before relaxing)
 .debug_str     0x0005d74f       0x32 ../build/obj/interrupt.o
                              0x5d7d4 (size before relaxing)
 .debug_str     0x0005d781       0x29 ../build/obj/clock.o
                              0x5d7d6 (size before relaxing)

.comment        0x00000000       0x49
 .comment       0x00000000       0x49 ../build/obj/startup.o
                                 0x4a (size before relaxing)
 .comment       0x00000049       0x4a ../build/obj/main.o
 .comment       0x00000049       0x4a ../build/obj/gpio.o
 .comment       0x00000049       0x4a ../build/obj/interrupt.o
 .comment       0x00000049       0x4a ../build/obj/clock.o

.ARM.attributes
                0x00000000       0x2e
 .ARM.attributes
                0x00000000       0x2e ../build/obj/startup.o
 .ARM.attributes
                0x0000002e       0x2e ../build/obj/main.o
 .ARM.attributes
                0x0000005c       0x2e ../build/obj/gpio.o
 .ARM.attributes
                0x0000008a       0x2e ../build/obj/interrupt.o
 .ARM.attributes
                0x000000b8       0x2e ../build/obj/clock.o

.debug_frame    0x00000000      0x138
 .debug_frame   0x00000000       0x6c ../build/obj/startup.o
 .debug_frame   0x0000006c       0x74 ../build/obj/main.o
 .debug_frame   0x000000e0       0x28 ../build/obj/interrupt.o
 .debug_frame   0x00000108       0x30 ../build/obj/clock.o
