
Discarded input sections

 .group         0x00000000        0xc ../build/obj/startup.o
 .group         0x00000000        0xc ../build/obj/startup.o
 .group         0x00000000        0xc ../build/obj/startup.o
 .group         0x00000000        0xc ../build/obj/startup.o
 .group         0x00000000        0xc ../build/obj/startup.o
 .group         0x00000000        0xc ../build/obj/startup.o
 .group         0x00000000        0xc ../build/obj/startup.o
 .group         0x00000000        0xc ../build/obj/startup.o
 .group         0x00000000        0xc ../build/obj/startup.o
 .group         0x00000000        0xc ../build/obj/main.o
 .group         0x00000000        0xc ../build/obj/main.o
 .group         0x00000000        0xc ../build/obj/main.o
 .group         0x00000000        0xc ../build/obj/main.o
 .group         0x00000000        0xc ../build/obj/main.o
 .group         0x00000000        0xc ../build/obj/main.o
 .group         0x00000000        0xc ../build/obj/main.o
 .group         0x00000000        0xc ../build/obj/main.o
 .group         0x00000000        0xc ../build/obj/main.o
 .debug_macro   0x00000000      0xa5a ../build/obj/main.o
 .debug_macro   0x00000000       0x19 ../build/obj/main.o
 .debug_macro   0x00000000       0x22 ../build/obj/main.o
 .debug_macro   0x00000000       0x8e ../build/obj/main.o
 .debug_macro   0x00000000       0x51 ../build/obj/main.o
 .debug_macro   0x00000000      0x103 ../build/obj/main.o
 .debug_macro   0x00000000       0x6a ../build/obj/main.o
 .debug_macro   0x00000000      0x1df ../build/obj/main.o
 .debug_macro   0x00000000     0xdf8d ../build/obj/main.o
 .group         0x00000000        0xc ../build/obj/gpio.o
 .group         0x00000000        0xc ../build/obj/gpio.o
 .group         0x00000000        0xc ../build/obj/gpio.o
 .group         0x00000000        0xc ../build/obj/gpio.o
 .group         0x00000000        0xc ../build/obj/gpio.o
 .group         0x00000000        0xc ../build/obj/gpio.o
 .group         0x00000000        0xc ../build/obj/gpio.o
 .group         0x00000000        0xc ../build/obj/gpio.o
 .group         0x00000000        0xc ../build/obj/gpio.o
 .debug_macro   0x00000000      0xa5a ../build/obj/gpio.o
 .debug_macro   0x00000000       0x19 ../build/obj/gpio.o
 .debug_macro   0x00000000       0x22 ../build/obj/gpio.o
 .debug_macro   0x00000000       0x8e ../build/obj/gpio.o
 .debug_macro   0x00000000       0x51 ../build/obj/gpio.o
 .debug_macro   0x00000000      0x103 ../build/obj/gpio.o
 .debug_macro   0x00000000       0x6a ../build/obj/gpio.o
 .debug_macro   0x00000000      0x1df ../build/obj/gpio.o
 .debug_macro   0x00000000     0xdf8d ../build/obj/gpio.o
 .group         0x00000000        0xc ../build/obj/interrupt.o
 .group         0x00000000        0xc ../build/obj/interrupt.o
 .group         0x00000000        0xc ../build/obj/interrupt.o
 .group         0x00000000        0xc ../build/obj/interrupt.o
 .group         0x00000000        0xc ../build/obj/interrupt.o
 .group         0x00000000        0xc ../build/obj/interrupt.o
 .group         0x00000000        0xc ../build/obj/interrupt.o
 .group         0x00000000        0xc ../build/obj/interrupt.o
 .group         0x00000000        0xc ../build/obj/interrupt.o
 .debug_macro   0x00000000      0xa5a ../build/obj/interrupt.o
 .debug_macro   0x00000000       0x19 ../build/obj/interrupt.o
 .debug_macro   0x00000000       0x22 ../build/obj/interrupt.o
 .debug_macro   0x00000000       0x8e ../build/obj/interrupt.o
 .debug_macro   0x00000000       0x51 ../build/obj/interrupt.o
 .debug_macro   0x00000000      0x103 ../build/obj/interrupt.o
 .debug_macro   0x00000000       0x6a ../build/obj/interrupt.o
 .debug_macro   0x00000000      0x1df ../build/obj/interrupt.o
 .debug_macro   0x00000000     0xdf8d ../build/obj/interrupt.o
 .group         0x00000000        0xc ../build/obj/clock.o
 .group         0x00000000        0xc ../build/obj/clock.o
 .group         0x00000000        0xc ../build/obj/clock.o
 .group         0x00000000        0xc ../build/obj/clock.o
 .group         0x00000000        0xc ../build/obj/clock.o
 .group         0x00000000        0xc ../build/obj/clock.o
 .group         0x00000000        0xc ../build/obj/clock.o
 .group         0x00000000        0xc ../build/obj/clock.o
 .group         0x00000000        0xc ../build/obj/clock.o
 .debug_macro   0x00000000      0xa5a ../build/obj/clock.o
 .debug_macro   0x00000000       0x19 ../build/obj/clock.o
 .debug_macro   0x00000000       0x22 ../build/obj/clock.o
 .debug_macro   0x00000000       0x8e ../build/obj/clock.o
 .debug_macro   0x00000000       0x51 ../build/obj/clock.o
 .debug_macro   0x00000000      0x103 ../build/obj/clock.o
 .debug_macro   0x00000000       0x6a ../build/obj/clock.o
 .debug_macro   0x00000000      0x1df ../build/obj/clock.o
 .debug_macro   0x00000000     0xdf8d ../build/obj/clock.o

Memory Configuration

Name             Origin             Length             Attributes
FLASH1           0x00000000         0x00000400         xr
FLASH_CONFIG     0x00000400         0x00000010         xr
FLASH2           0x00000410         0x00013fff         xr
SRAM1            0x1fff8000         0x00008000         xrw
SRAM2            0x20000000         0x00007000         xrw
*default*        0x00000000         0xffffffff

Linker script and memory map

LOAD ../build/obj/startup.o
LOAD ../build/obj/main.o
LOAD ../build/obj/gpio.o
LOAD ../build/obj/interrupt.o
LOAD ../build/obj/clock.o

.intvec         0x00000000      0x400
                0x00000000                _intvec_start_ = .
 *(.intvec)
 .intvec        0x00000000      0x400 ../build/obj/interrupt.o
                0x00000000                vectorTable
                0x00000400                . = ALIGN (0x4)
                0x00000400                _intvec_end_ = .

.flashConfig    0x00000400        0x0
 *(.flashConfig)
                0x00000400                . = ALIGN (0x4)

.text           0x00000410       0xe8
                0x00000410                _stext = .
 *(.text)
 .text          0x00000410       0x2c ../build/obj/startup.o
                0x00000410                Reset_Handler
                0x00000424                initData
                0x00000430                initbss
 .text          0x0000043c       0x90 ../build/obj/main.o
                0x0000043c                WDOG_disable
                0x00000468                delay
                0x00000494                main
 .text          0x000004cc        0x0 ../build/obj/gpio.o
 .text          0x000004cc        0x6 ../build/obj/interrupt.o
                0x000004cc                Reserved54_IRQHandler
                0x000004cc                DebugMon_Handler
                0x000004cc                Reserved88_IRQHandler
                0x000004cc                CAN0_ORed_IRQHandler
                0x000004cc                HardFault_Handler
                0x000004cc                Reserved86_IRQHandler
                0x000004cc                Reserved103_IRQHandler
                0x000004cc                SysTick_Handler
                0x000004cc                FTM2_Ovf_Reload_IRQHandler
                0x000004cc                Reserved50_IRQHandler
                0x000004cc                FTFC_Fault_IRQHandler
                0x000004cc                FTM0_Ch6_Ch7_IRQHandler
                0x000004cc                PendSV_Handler
                0x000004cc                Reserved114_IRQHandler
                0x000004cc                NMI_Handler
                0x000004cc                Reserved89_IRQHandler
                0x000004cc                ERM_double_fault_IRQHandler
                0x000004cc                DMA2_IRQHandler
                0x000004cc                Reserved59_IRQHandler
                0x000004cc                LPIT0_Ch0_IRQHandler
                0x000004cc                Reserved99_IRQHandler
                0x000004cc                FTM3_Ch6_Ch7_IRQHandler
                0x000004cc                CAN2_ORed_0_15_MB_IRQHandler
                0x000004cc                LPIT0_Ch3_IRQHandler
                0x000004cc                Reserved92_IRQHandler
                0x000004cc                FTM0_Ch4_Ch5_IRQHandler
                0x000004cc                CAN1_Error_IRQHandler
                0x000004cc                FTM3_Ch0_Ch1_IRQHandler
                0x000004cc                SWI_IRQHandler
                0x000004cc                ADC0_IRQHandler
                0x000004cc                FTM2_Ch4_Ch5_IRQHandler
                0x000004cc                UsageFault_Handler
                0x000004cc                FTM0_Ovf_Reload_IRQHandler
                0x000004cc                DefaultISR
                0x000004cc                DMA9_IRQHandler
                0x000004cc                Reserved58_IRQHandler
                0x000004cc                CAN1_ORed_0_15_MB_IRQHandler
                0x000004cc                FTM1_Ch2_Ch3_IRQHandler
                0x000004cc                DMA14_IRQHandler
                0x000004cc                Reserved82_IRQHandler
                0x000004cc                CAN0_ORed_16_31_MB_IRQHandler
                0x000004cc                LPI2C0_Slave_IRQHandler
                0x000004cc                Reserved71_IRQHandler
                0x000004cc                PORTD_IRQHandler
                0x000004cc                Reserved69_IRQHandler
                0x000004cc                PORTB_IRQHandler
                0x000004cc                Reserved70_IRQHandler
                0x000004cc                ADC1_IRQHandler
                0x000004cc                FTM2_Ch2_Ch3_IRQHandler
                0x000004cc                DefaultHandler
                0x000004cc                Reserved53_IRQHandler
                0x000004cc                DMA5_IRQHandler
                0x000004cc                RTC_IRQHandler
                0x000004cc                PDB0_IRQHandler
                0x000004cc                FTM2_Ch6_Ch7_IRQHandler
                0x000004cc                FTM3_Ch2_Ch3_IRQHandler
                0x000004cc                FTM2_Ch0_Ch1_IRQHandler
                0x000004cc                LPSPI1_IRQHandler
                0x000004cc                LPUART1_RxTx_IRQHandler
                0x000004cc                RTC_Seconds_IRQHandler
                0x000004cc                CAN2_ORed_IRQHandler
                0x000004cc                Reserved72_IRQHandler
                0x000004cc                Reserved110_IRQHandler
                0x000004cc                DMA11_IRQHandler
                0x000004cc                Reserved107_IRQHandler
                0x000004cc                Read_Collision_IRQHandler
                0x000004cc                CAN2_Error_IRQHandler
                0x000004cc                FTFC_IRQHandler
                0x000004cc                DMA7_IRQHandler
                0x000004cc                FTM1_Ch6_Ch7_IRQHandler
                0x000004cc                Reserved105_IRQHandler
                0x000004cc                LPIT0_Ch1_IRQHandler
                0x000004cc                FTM1_Ch4_Ch5_IRQHandler
                0x000004cc                FTM3_Ovf_Reload_IRQHandler
                0x000004cc                LPUART2_RxTx_IRQHandler
                0x000004cc                LPSPI0_IRQHandler
                0x000004cc                WDOG_EWM_IRQHandler
                0x000004cc                MemManage_Handler
                0x000004cc                Reserved90_IRQHandler
                0x000004cc                Reserved83_IRQHandler
                0x000004cc                FTM0_Fault_IRQHandler
                0x000004cc                Reserved48_IRQHandler
                0x000004cc                SVC_Handler
                0x000004cc                ERM_single_fault_IRQHandler
                0x000004cc                FTM2_Fault_IRQHandler
                0x000004cc                FTM0_Ch2_Ch3_IRQHandler
                0x000004cc                DMA13_IRQHandler
                0x000004cc                FTM0_Ch0_Ch1_IRQHandler
                0x000004cc                FTM3_Fault_IRQHandler
                0x000004cc                RCM_IRQHandler
                0x000004cc                DMA3_IRQHandler
                0x000004cc                Reserved100_IRQHandler
                0x000004cc                DMA0_IRQHandler
                0x000004cc                Reserved91_IRQHandler
                0x000004cc                CAN1_ORed_IRQHandler
                0x000004cc                DMA15_IRQHandler
                0x000004cc                SCG_IRQHandler
                0x000004cc                PDB1_IRQHandler
                0x000004cc                Reserved81_IRQHandler
                0x000004cc                Reserved46_IRQHandler
                0x000004cc                Reserved45_IRQHandler
                0x000004cc                CAN0_Error_IRQHandler
                0x000004cc                Reserved112_IRQHandler
                0x000004cc                LPI2C0_Master_IRQHandler
                0x000004cc                DMA4_IRQHandler
                0x000004cc                FTM1_Fault_IRQHandler
                0x000004cc                Reserved106_IRQHandler
                0x000004cc                DMA_Error_IRQHandler
                0x000004cc                LVD_LVW_IRQHandler
                0x000004cc                LPIT0_Ch2_IRQHandler
                0x000004cc                PORTA_IRQHandler
                0x000004cc                MCM_IRQHandler
                0x000004cc                LPSPI2_IRQHandler
                0x000004cc                DMA12_IRQHandler
                0x000004cc                FTM3_Ch4_Ch5_IRQHandler
                0x000004cc                CAN0_ORed_0_15_MB_IRQHandler
                0x000004cc                LPUART0_RxTx_IRQHandler
                0x000004cc                PORTE_IRQHandler
                0x000004cc                LPTMR0_IRQHandler
                0x000004cc                BusFault_Handler
                0x000004cc                Reserved87_IRQHandler
                0x000004cc                FTM1_Ovf_Reload_IRQHandler
                0x000004cc                DMA8_IRQHandler
                0x000004cc                Reserved93_IRQHandler
                0x000004cc                DMA10_IRQHandler
                0x000004cc                CAN0_Wake_Up_IRQHandler
                0x000004cc                CMP0_IRQHandler
                0x000004cc                Reserved52_IRQHandler
                0x000004cc                PORTC_IRQHandler
                0x000004cc                DMA6_IRQHandler
                0x000004cc                FTM1_Ch0_Ch1_IRQHandler
                0x000004cc                FLEXIO_IRQHandler
                0x000004cc                DMA1_IRQHandler
                0x000004cc                Reserved113_IRQHandler
 *fill*         0x000004d2        0x2 
 .text          0x000004d4       0x24 ../build/obj/clock.o
                0x000004d4                initClk
 *(.text*)
 *(.rodata)
 *(.rodata*)
 *(.glue_7)
 .glue_7        0x000004f8        0x0 linker stubs
 *(.glue_7t)
 .glue_7t       0x000004f8        0x0 linker stubs
 *(.eh_frame)
 *(.init)
 *(.fini)
                0x000004f8                . = ALIGN (0x4)
                0x000004f8                _etext = .

.vfp11_veneer   0x000004f8        0x0
 .vfp11_veneer  0x000004f8        0x0 linker stubs

.v4_bx          0x000004f8        0x0
 .v4_bx         0x000004f8        0x0 linker stubs

.iplt           0x000004f8        0x0
 .iplt          0x000004f8        0x0 ../build/obj/startup.o

.rel.dyn        0x000004f8        0x0
 .rel.iplt      0x000004f8        0x0 ../build/obj/startup.o

.data           0x1fff8000        0x0 load address 0x000004f8
                0x1fff8000                _sdata_ram = .
 *(.data)
 .data          0x1fff8000        0x0 ../build/obj/startup.o
 .data          0x1fff8000        0x0 ../build/obj/main.o
 .data          0x1fff8000        0x0 ../build/obj/gpio.o
 .data          0x1fff8000        0x0 ../build/obj/interrupt.o
 .data          0x1fff8000        0x0 ../build/obj/clock.o
                0x1fff8000                . = ALIGN (0x4)
                0x1fff8000                _edata_ram = .

.igot.plt       0x1fff8000        0x0 load address 0x000004f8
 .igot.plt      0x1fff8000        0x0 ../build/obj/startup.o

.bss            0x1fff8000        0x8 load address 0x000004f8
                0x1fff8000                _bss_start_ = .
 *(.bss)
 .bss           0x1fff8000        0x0 ../build/obj/startup.o
 .bss           0x1fff8000        0x8 ../build/obj/main.o
                0x1fff8000                dlyCnt
                0x1fff8004                counter
 .bss           0x1fff8008        0x0 ../build/obj/gpio.o
 .bss           0x1fff8008        0x0 ../build/obj/interrupt.o
 .bss           0x1fff8008        0x0 ../build/obj/clock.o
 *(.bss*)
 *(.common)
 *(.common*)
                0x1fff8008                . = ALIGN (0x4)
                0x1fff8008                _bss_end_ = .
OUTPUT(../build/bin/S32_App.elf elf32-littlearm)
LOAD linker stubs

.debug_info     0x00000000      0x553
 .debug_info    0x00000000       0xa6 ../build/obj/startup.o
 .debug_info    0x000000a6      0x2ae ../build/obj/main.o
 .debug_info    0x00000354       0x68 ../build/obj/gpio.o
 .debug_info    0x000003bc       0xbc ../build/obj/interrupt.o
 .debug_info    0x00000478       0xdb ../build/obj/clock.o

.debug_abbrev   0x00000000      0x2af
 .debug_abbrev  0x00000000       0x5d ../build/obj/startup.o
 .debug_abbrev  0x0000005d      0x112 ../build/obj/main.o
 .debug_abbrev  0x0000016f       0x29 ../build/obj/gpio.o
 .debug_abbrev  0x00000198       0x7b ../build/obj/interrupt.o
 .debug_abbrev  0x00000213       0x9c ../build/obj/clock.o

.debug_aranges  0x00000000       0x98
 .debug_aranges
                0x00000000       0x20 ../build/obj/startup.o
 .debug_aranges
                0x00000020       0x20 ../build/obj/main.o
 .debug_aranges
                0x00000040       0x18 ../build/obj/gpio.o
 .debug_aranges
                0x00000058       0x20 ../build/obj/interrupt.o
 .debug_aranges
                0x00000078       0x20 ../build/obj/clock.o

.debug_macro    0x00000000     0xf0af
 .debug_macro   0x00000000       0x7e ../build/obj/startup.o
 .debug_macro   0x0000007e      0xa5a ../build/obj/startup.o
 .debug_macro   0x00000ad8       0x19 ../build/obj/startup.o
 .debug_macro   0x00000af1       0x22 ../build/obj/startup.o
 .debug_macro   0x00000b13       0x8e ../build/obj/startup.o
 .debug_macro   0x00000ba1       0x51 ../build/obj/startup.o
 .debug_macro   0x00000bf2      0x103 ../build/obj/startup.o
 .debug_macro   0x00000cf5       0x6a ../build/obj/startup.o
 .debug_macro   0x00000d5f      0x1df ../build/obj/startup.o
 .debug_macro   0x00000f3e     0xdf8d ../build/obj/startup.o
 .debug_macro   0x0000eecb       0x80 ../build/obj/main.o
 .debug_macro   0x0000ef4b       0x72 ../build/obj/gpio.o
 .debug_macro   0x0000efbd       0x76 ../build/obj/interrupt.o
 .debug_macro   0x0000f033       0x7c ../build/obj/clock.o

.debug_line     0x00000000      0x956
 .debug_line    0x00000000      0x1f7 ../build/obj/startup.o
 .debug_line    0x000001f7      0x223 ../build/obj/main.o
 .debug_line    0x0000041a      0x19a ../build/obj/gpio.o
 .debug_line    0x000005b4      0x1cf ../build/obj/interrupt.o
 .debug_line    0x00000783      0x1d3 ../build/obj/clock.o

.debug_str      0x00000000    0x5d7a9
 .debug_str     0x00000000    0x5d666 ../build/obj/startup.o
                              0x5d7c1 (size before relaxing)
 .debug_str     0x0005d666       0xd6 ../build/obj/main.o
                              0x5d874 (size before relaxing)
 .debug_str     0x0005d73c       0x12 ../build/obj/gpio.o
                              0x5d79f (size before relaxing)
 .debug_str     0x0005d74e       0x32 ../build/obj/interrupt.o
                              0x5d7d3 (size before relaxing)
 .debug_str     0x0005d780       0x29 ../build/obj/clock.o
                              0x5d7d5 (size before relaxing)

.comment        0x00000000       0x49
 .comment       0x00000000       0x49 ../build/obj/startup.o
                                 0x4a (size before relaxing)
 .comment       0x00000049       0x4a ../build/obj/main.o
 .comment       0x00000049       0x4a ../build/obj/gpio.o
 .comment       0x00000049       0x4a ../build/obj/interrupt.o
 .comment       0x00000049       0x4a ../build/obj/clock.o

.ARM.attributes
                0x00000000       0x2e
 .ARM.attributes
                0x00000000       0x2e ../build/obj/startup.o
 .ARM.attributes
                0x0000002e       0x2e ../build/obj/main.o
 .ARM.attributes
                0x0000005c       0x2e ../build/obj/gpio.o
 .ARM.attributes
                0x0000008a       0x2e ../build/obj/interrupt.o
 .ARM.attributes
                0x000000b8       0x2e ../build/obj/clock.o

.debug_frame    0x00000000      0x138
 .debug_frame   0x00000000       0x6c ../build/obj/startup.o
 .debug_frame   0x0000006c       0x74 ../build/obj/main.o
 .debug_frame   0x000000e0       0x28 ../build/obj/interrupt.o
 .debug_frame   0x00000108       0x30 ../build/obj/clock.o
